
Memory Configuration

Name             Origin             Length             Attributes
flash            0x08000000         0x00020000         xr
sram             0x20000000         0x00005000         xrw
*default*        0x00000000         0xffffffff

Linker script and memory map


.text           0x08000000      0x3cc
 *(.vectors*)
 .vectors       0x08000000       0x1c obj/startup.o
                0x08000000                vectors
 *(.text*)
 .text          0x0800001c       0xc4 obj/Alarm_Actuator.o
                0x0800001c                ST_ALARM_ACT_INIT
                0x08000040                ST_ALARM_ACT_WAITING
                0x08000058                ST_ALARM_ACT_ON
                0x08000080                ST_ALARM_ACT_OFF
                0x080000a8                ALARM_ACT_start_alarm
                0x080000c4                ALARM_ACT_stop_alarm
 .text          0x080000e0       0x7c obj/Alarm_Monitor.o
                0x080000e0                ST_ALARM_MON_ALARM_OFF
                0x08000110                ST_ALARM_MON_ALARM_ON
                0x08000134                ST_ALARM_MON_WAITING
 .text          0x0800015c       0xc4 obj/GPIO.o
                0x0800015c                GPIO_delay
                0x0800017e                GPIO_get_pressure_value
                0x08000194                GPIO_set_alarm_actuator
                0x080001d0                GPIO_init
 .text          0x08000220       0x34 obj/main.o
                0x08000220                main
 .text          0x08000254       0x58 obj/Main_Program.o
                0x08000254                ST_MP_HIGH_PRESSURE
                0x08000284                MP_high_pressure_detected
 .text          0x080002ac       0x90 obj/Pressure_Sensor.o
                0x080002ac                ST_PS_INIT
                0x080002d0                ST_PS_READING
                0x08000300                ST_PS_WAITIMG
                0x08000328                PS_get_pressure_value
 .text          0x0800033c       0x90 obj/startup.o
                0x0800033c                NMI_Handler
                0x0800033c                H_Fault_Handler
                0x0800033c                Default_Hundler
                0x0800033c                MM_Fault_Handler
                0x0800033c                Bus_Fault
                0x0800033c                Usage_Fault_Handler
                0x08000348                Reset_Hundler
 *(.rodata*)
                0x080003cc                _E_TEXT = .

.glue_7         0x080003cc        0x0
 .glue_7        0x080003cc        0x0 linker stubs

.glue_7t        0x080003cc        0x0
 .glue_7t       0x080003cc        0x0 linker stubs

.vfp11_veneer   0x080003cc        0x0
 .vfp11_veneer  0x080003cc        0x0 linker stubs

.v4_bx          0x080003cc        0x0
 .v4_bx         0x080003cc        0x0 linker stubs

.iplt           0x080003cc        0x0
 .iplt          0x080003cc        0x0 obj/Alarm_Actuator.o

.rel.dyn        0x080003cc        0x0
 .rel.iplt      0x080003cc        0x0 obj/Alarm_Actuator.o

.data           0x20000000       0x14 load address 0x080003cc
                0x20000000                _S_DATA = .
 *(.data*)
 .data          0x20000000        0x0 obj/Alarm_Actuator.o
 .data          0x20000000        0x0 obj/Alarm_Monitor.o
 .data          0x20000000        0x0 obj/GPIO.o
 .data          0x20000000       0x10 obj/main.o
                0x20000000                PS_state
                0x20000004                ALARM_ACT_state
                0x20000008                ALARM_MON_state
                0x2000000c                MP_state
 .data          0x20000010        0x4 obj/Main_Program.o
 .data          0x20000014        0x0 obj/Pressure_Sensor.o
 .data          0x20000014        0x0 obj/startup.o
                0x20000014                . = ALIGN (0x4)
                0x20000014                _E_DATA = .

.igot.plt       0x20000014        0x0 load address 0x080003e0
 .igot.plt      0x20000014        0x0 obj/Alarm_Actuator.o

.bss            0x20000014     0x1014 load address 0x080003e0
                0x20000014                _S_BSS = .
 *(.bss*)
 .bss           0x20000014        0x1 obj/Alarm_Actuator.o
                0x20000014                ALARM_ACT_Status
 .bss           0x20000015        0x1 obj/Alarm_Monitor.o
                0x20000015                ALARM_MON_Status
 .bss           0x20000016        0x0 obj/GPIO.o
 .bss           0x20000016        0x0 obj/main.o
 *fill*         0x20000016        0x2 
 .bss           0x20000018        0x8 obj/Main_Program.o
                0x20000018                MP_Status
 .bss           0x20000020        0x8 obj/Pressure_Sensor.o
                0x20000020                PS_Status
 .bss           0x20000028        0x0 obj/startup.o
                0x20000028                . = ALIGN (0x4)
                0x20000028                _E_BSS = .
                0x20000028                . = ALIGN (0x4)
                0x20001028                . = (. + 0x1000)
 *fill*         0x20000028     0x1000 
                0x20001028                _STACK_TOP = .
LOAD obj/Alarm_Actuator.o
LOAD obj/Alarm_Monitor.o
LOAD obj/GPIO.o
LOAD obj/main.o
LOAD obj/Main_Program.o
LOAD obj/Pressure_Sensor.o
LOAD obj/startup.o
OUTPUT(bin/P1_Pressure_Controller.elf elf32-littlearm)
LOAD linker stubs

.debug_info     0x00000000      0x8a3
 .debug_info    0x00000000      0x161 obj/Alarm_Actuator.o
 .debug_info    0x00000161      0x117 obj/Alarm_Monitor.o
 .debug_info    0x00000278      0x108 obj/GPIO.o
 .debug_info    0x00000380      0x112 obj/main.o
 .debug_info    0x00000492      0x11e obj/Main_Program.o
 .debug_info    0x000005b0      0x144 obj/Pressure_Sensor.o
 .debug_info    0x000006f4      0x1af obj/startup.o

.debug_abbrev   0x00000000      0x56c
 .debug_abbrev  0x00000000       0xda obj/Alarm_Actuator.o
 .debug_abbrev  0x000000da       0xa8 obj/Alarm_Monitor.o
 .debug_abbrev  0x00000182       0xc7 obj/GPIO.o
 .debug_abbrev  0x00000249       0x7d obj/main.o
 .debug_abbrev  0x000002c6       0xd5 obj/Main_Program.o
 .debug_abbrev  0x0000039b       0xed obj/Pressure_Sensor.o
 .debug_abbrev  0x00000488       0xe4 obj/startup.o

.debug_loc      0x00000000      0x524
 .debug_loc     0x00000000      0x168 obj/Alarm_Actuator.o
 .debug_loc     0x00000168       0x84 obj/Alarm_Monitor.o
 .debug_loc     0x000001ec      0x140 obj/GPIO.o
 .debug_loc     0x0000032c       0x2c obj/main.o
 .debug_loc     0x00000358       0x70 obj/Main_Program.o
 .debug_loc     0x000003c8       0xe0 obj/Pressure_Sensor.o
 .debug_loc     0x000004a8       0x7c obj/startup.o

.debug_aranges  0x00000000       0xe0
 .debug_aranges
                0x00000000       0x20 obj/Alarm_Actuator.o
 .debug_aranges
                0x00000020       0x20 obj/Alarm_Monitor.o
 .debug_aranges
                0x00000040       0x20 obj/GPIO.o
 .debug_aranges
                0x00000060       0x20 obj/main.o
 .debug_aranges
                0x00000080       0x20 obj/Main_Program.o
 .debug_aranges
                0x000000a0       0x20 obj/Pressure_Sensor.o
 .debug_aranges
                0x000000c0       0x20 obj/startup.o

.debug_line     0x00000000      0x479
 .debug_line    0x00000000       0xaa obj/Alarm_Actuator.o
 .debug_line    0x000000aa       0x9c obj/Alarm_Monitor.o
 .debug_line    0x00000146       0x8f obj/GPIO.o
 .debug_line    0x000001d5       0xac obj/main.o
 .debug_line    0x00000281       0x84 obj/Main_Program.o
 .debug_line    0x00000305       0xa1 obj/Pressure_Sensor.o
 .debug_line    0x000003a6       0xd3 obj/startup.o

.debug_str      0x00000000      0x44f
 .debug_str     0x00000000      0x1e8 obj/Alarm_Actuator.o
                                0x242 (size before relaxing)
 .debug_str     0x000001e8       0x77 obj/Alarm_Monitor.o
                                0x20d (size before relaxing)
 .debug_str     0x0000025f       0x60 obj/GPIO.o
                                0x1b5 (size before relaxing)
 .debug_str     0x000002bf       0x22 obj/main.o
                                0x197 (size before relaxing)
 .debug_str     0x000002e1       0x73 obj/Main_Program.o
                                0x1eb (size before relaxing)
 .debug_str     0x00000354       0x6f obj/Pressure_Sensor.o
                                0x1f4 (size before relaxing)
 .debug_str     0x000003c3       0x8c obj/startup.o
                                0x1ea (size before relaxing)

.comment        0x00000000       0x49
 .comment       0x00000000       0x49 obj/Alarm_Actuator.o
                                 0x4a (size before relaxing)
 .comment       0x00000049       0x4a obj/Alarm_Monitor.o
 .comment       0x00000049       0x4a obj/GPIO.o
 .comment       0x00000049       0x4a obj/main.o
 .comment       0x00000049       0x4a obj/Main_Program.o
 .comment       0x00000049       0x4a obj/Pressure_Sensor.o
 .comment       0x00000049       0x4a obj/startup.o

.ARM.attributes
                0x00000000       0x2d
 .ARM.attributes
                0x00000000       0x2d obj/Alarm_Actuator.o
 .ARM.attributes
                0x0000002d       0x2d obj/Alarm_Monitor.o
 .ARM.attributes
                0x0000005a       0x2d obj/GPIO.o
 .ARM.attributes
                0x00000087       0x2d obj/main.o
 .ARM.attributes
                0x000000b4       0x2d obj/Main_Program.o
 .ARM.attributes
                0x000000e1       0x2d obj/Pressure_Sensor.o
 .ARM.attributes
                0x0000010e       0x2d obj/startup.o

.debug_frame    0x00000000      0x31c
 .debug_frame   0x00000000       0xc8 obj/Alarm_Actuator.o
 .debug_frame   0x000000c8       0x64 obj/Alarm_Monitor.o
 .debug_frame   0x0000012c       0xa0 obj/GPIO.o
 .debug_frame   0x000001cc       0x2c obj/main.o
 .debug_frame   0x000001f8       0x4c obj/Main_Program.o
 .debug_frame   0x00000244       0x88 obj/Pressure_Sensor.o
 .debug_frame   0x000002cc       0x50 obj/startup.o
