
Memory Configuration

Name             Origin             Length             Attributes
flash            0x00000000         0x20000000         xr
sram             0x20000000         0x20000000         xrw
*default*        0x00000000         0xffffffff

Linker script and memory map


.text           0x00000000      0x138
 *(.vectors*)
 .vectors       0x00000000       0x1c CortexM4_startup.o
                0x00000000                g_p_fn_vectors
 *(.text*)
 .text          0x0000001c       0x90 CortexM4_startup.o
                0x0000001c                NMI_Handler
                0x0000001c                H_Fault_Handler
                0x0000001c                Default_Hundler
                0x0000001c                MM_Fault_Handler
                0x0000001c                Bus_Fault
                0x0000001c                Usage_Fault_Handler
                0x00000028                Reset_Hundler
 .text          0x000000ac       0x8c main.o
                0x000000ac                main
                0x00000110                relay_count
 *(.rodata*)
                0x00000138                _E_TEXT = .

.glue_7         0x00000138        0x0
 .glue_7        0x00000138        0x0 linker stubs

.glue_7t        0x00000138        0x0
 .glue_7t       0x00000138        0x0 linker stubs

.vfp11_veneer   0x00000138        0x0
 .vfp11_veneer  0x00000138        0x0 linker stubs

.v4_bx          0x00000138        0x0
 .v4_bx         0x00000138        0x0 linker stubs

.iplt           0x00000138        0x0
 .iplt          0x00000138        0x0 CortexM4_startup.o

.rel.dyn        0x00000138        0x0
 .rel.iplt      0x00000138        0x0 CortexM4_startup.o

.data           0x20000000        0x0 load address 0x00000138
                0x20000000                _S_DATA = .
 *(.data*)
 .data          0x20000000        0x0 CortexM4_startup.o
 .data          0x20000000        0x0 main.o
                0x20000000                . = ALIGN (0x4)
                0x20000000                _E_DATA = .

.igot.plt       0x20000000        0x0 load address 0x00000138
 .igot.plt      0x20000000        0x0 CortexM4_startup.o

.bss            0x20000000      0x400 load address 0x00000138
                0x20000000                _S_BSS = .
 *(.bss*)
 .bss           0x20000000      0x400 CortexM4_startup.o
 .bss           0x20000400        0x0 main.o
                0x20000400                . = ALIGN (0x4)
                0x20000400                _E_BSS = .
LOAD CortexM4_startup.o
LOAD main.o
OUTPUT(Embedded_C_Lesson_4_Lab_3.elf elf32-littlearm)
LOAD linker stubs

.debug_info     0x00000000      0x2c5
 .debug_info    0x00000000      0x1da CortexM4_startup.o
 .debug_info    0x000001da       0xeb main.o

.debug_abbrev   0x00000000      0x18f
 .debug_abbrev  0x00000000       0xf7 CortexM4_startup.o
 .debug_abbrev  0x000000f7       0x98 main.o

.debug_loc      0x00000000      0x104
 .debug_loc     0x00000000       0x7c CortexM4_startup.o
 .debug_loc     0x0000007c       0x88 main.o

.debug_aranges  0x00000000       0x40
 .debug_aranges
                0x00000000       0x20 CortexM4_startup.o
 .debug_aranges
                0x00000020       0x20 main.o

.debug_line     0x00000000      0x164
 .debug_line    0x00000000       0xd4 CortexM4_startup.o
 .debug_line    0x000000d4       0x90 main.o

.debug_str      0x00000000      0x1ee
 .debug_str     0x00000000      0x1be CortexM4_startup.o
                                0x1e5 (size before relaxing)
 .debug_str     0x000001be       0x30 main.o
                                0x184 (size before relaxing)

.comment        0x00000000       0x49
 .comment       0x00000000       0x49 CortexM4_startup.o
                                 0x4a (size before relaxing)
 .comment       0x00000049       0x4a main.o

.ARM.attributes
                0x00000000       0x2e
 .ARM.attributes
                0x00000000       0x2e CortexM4_startup.o
 .ARM.attributes
                0x0000002e       0x2e main.o

.debug_frame    0x00000000       0xa4
 .debug_frame   0x00000000       0x50 CortexM4_startup.o
 .debug_frame   0x00000050       0x54 main.o
