stm32f103x6_EXTI_driver.c:46:6:MCAL_EXTI_GPIO_Init	16	static
stm32f103x6_EXTI_driver.c:57:6:MCAL_EXTI_GPIO_DeInit	4	static
stm32f103x6_EXTI_driver.c:84:6:MCAL_EXTI_GPIO_Update	16	static
stm32f103x6_EXTI_driver.c:89:13:Update_EXTI	24	static
stm32f103x6_EXTI_driver.c:170:6:EXTI0_IRQHandler	8	static
stm32f103x6_EXTI_driver.c:181:6:EXTI1_IRQHandler	8	static
stm32f103x6_EXTI_driver.c:192:6:EXTI2_IRQHandler	8	static
stm32f103x6_EXTI_driver.c:203:6:EXTI3_IRQHandler	8	static
stm32f103x6_EXTI_driver.c:214:6:EXTI4_IRQHandler	8	static
stm32f103x6_EXTI_driver.c:225:6:EXTI9_5_IRQHandler	8	static
stm32f103x6_EXTI_driver.c:235:6:EXTI15_10_IRQHandler	8	static
stm32f103x6_EXTI_driver.c:245:13:Enable_NVIC	16	static
stm32f103x6_EXTI_driver.c:268:13:Disable_NVIC	16	static
